// Jest Snapshot v1, https://goo.gl/fbAQLP

exports[`components/Run/RunningStatus/RunRunningTime should render Statistic component 1`] = `"<div><div class=\\"ant-space css-dev-only-do-not-override-nnuwmp ant-space-horizontal ant-space-align-center\\"><div class=\\"ant-space-item\\" style=\\"margin-right: 8px;\\"><span class=\\"ant-typography ant-typography-secondary css-dev-only-do-not-override-nnuwmp\\">Running time:</span></div><div class=\\"ant-space-item\\"><div class=\\"ant-statistic css-dev-only-do-not-override-nnuwmp\\"><div class=\\"ant-statistic-content\\"><span class=\\"ant-statistic-content-value\\">02:00:00</span></div></div></div></div></div>"`;

exports[`components/Run/RunningStatus/RunRunningTime should render Timer component 1`] = `"<div><div class=\\"ant-space css-dev-only-do-not-override-nnuwmp ant-space-horizontal ant-space-align-center\\"><div class=\\"ant-space-item\\" style=\\"margin-right: 8px;\\"><span class=\\"ant-typography ant-typography-secondary css-dev-only-do-not-override-nnuwmp\\">Running time:</span></div><div class=\\"ant-space-item\\"><div class=\\"ant-statistic css-dev-only-do-not-override-nnuwmp\\"><div class=\\"ant-statistic-content\\"><span class=\\"ant-statistic-content-value\\">00:02:00</span></div></div></div></div></div>"`;
