// Jest Snapshot v1, https://goo.gl/fbAQLP

exports[`components/Header/Profile should render Profile component from UserContext 1`] = `"<div><div class=\\"ant-space ant-space-horizontal ant-space-align-center\\" style=\\"height: 54px;\\"><div class=\\"ant-space-item\\" style=\\"margin-right: 12px;\\"><span style=\\"background-color: rgb(250, 140, 22);\\" class=\\"ant-avatar ant-avatar-circle\\"><span class=\\"ant-avatar-string\\" style=\\"transform: scale(1) translateX(-50%);\\">TM</span></span></div><div class=\\"ant-space-item\\"><span class=\\"ant-typography ant-dropdown-trigger\\" style=\\"cursor: pointer;\\">test@maestro.net <span role=\\"img\\" aria-label=\\"down\\" class=\\"anticon anticon-down\\"><svg viewBox=\\"64 64 896 896\\" focusable=\\"false\\" data-icon=\\"down\\" width=\\"1em\\" height=\\"1em\\" fill=\\"currentColor\\" aria-hidden=\\"true\\"><path d=\\"M884 256h-75c-5.1 0-9.9 2.5-12.9 6.6L512 654.2 227.9 262.6c-3-4.1-7.8-6.6-12.9-6.6h-75c-6.5 0-10.3 7.4-6.5 12.7l352.6 486.1c12.8 17.6 39 17.6 51.7 0l352.6-486.1c3.9-5.3.1-12.7-6.4-12.7z\\"></path></svg></span></span></div></div></div>"`;
