// Jest Snapshot v1, https://goo.gl/fbAQLP

exports[`components/Run/RunningStatus/EditableLabelsGroup should render RunEditableLabelsGroup component 1`] = `"<div><button type=\\"button\\" class=\\"ant-btn ant-btn-dashed ant-btn-sm\\"><span role=\\"img\\" aria-label=\\"plus\\" class=\\"anticon anticon-plus\\"><svg viewBox=\\"64 64 896 896\\" focusable=\\"false\\" data-icon=\\"plus\\" width=\\"1em\\" height=\\"1em\\" fill=\\"currentColor\\" aria-hidden=\\"true\\"><defs><style></style></defs><path d=\\"M482 152h60q8 0 8 8v704q0 8-8 8h-60q-8 0-8-8V160q0-8 8-8z\\"></path><path d=\\"M176 474h672q8 0 8 8v60q0 8-8 8H176q-8 0-8-8v-60q0-8 8-8z\\"></path></svg></span><span>New label</span></button></div>"`;

exports[`components/Run/RunningStatus/EditableLabelsGroup should render RunEditableLabelsGroup component with default value 1`] = `"<div><span class=\\"ant-tag\\"><span>label1</span><span role=\\"img\\" aria-label=\\"close\\" tabindex=\\"-1\\" class=\\"anticon anticon-close ant-tag-close-icon\\"><svg viewBox=\\"64 64 896 896\\" focusable=\\"false\\" data-icon=\\"close\\" width=\\"1em\\" height=\\"1em\\" fill=\\"currentColor\\" aria-hidden=\\"true\\"><path d=\\"M563.8 512l262.5-312.9c4.4-5.2.7-13.1-6.1-13.1h-79.8c-4.7 0-9.2 2.1-12.3 5.7L511.6 449.8 295.1 191.7c-3-3.6-7.5-5.7-12.3-5.7H203c-6.8 0-10.5 7.9-6.1 13.1L459.4 512 196.9 824.9A7.95 7.95 0 00203 838h79.8c4.7 0 9.2-2.1 12.3-5.7l216.5-258.1 216.5 258.1c3 3.6 7.5 5.7 12.3 5.7h79.8c6.8 0 10.5-7.9 6.1-13.1L563.8 512z\\"></path></svg></span></span><span class=\\"ant-tag\\"><span>label2</span><span role=\\"img\\" aria-label=\\"close\\" tabindex=\\"-1\\" class=\\"anticon anticon-close ant-tag-close-icon\\"><svg viewBox=\\"64 64 896 896\\" focusable=\\"false\\" data-icon=\\"close\\" width=\\"1em\\" height=\\"1em\\" fill=\\"currentColor\\" aria-hidden=\\"true\\"><path d=\\"M563.8 512l262.5-312.9c4.4-5.2.7-13.1-6.1-13.1h-79.8c-4.7 0-9.2 2.1-12.3 5.7L511.6 449.8 295.1 191.7c-3-3.6-7.5-5.7-12.3-5.7H203c-6.8 0-10.5 7.9-6.1 13.1L459.4 512 196.9 824.9A7.95 7.95 0 00203 838h79.8c4.7 0 9.2-2.1 12.3-5.7l216.5-258.1 216.5 258.1c3 3.6 7.5 5.7 12.3 5.7h79.8c6.8 0 10.5-7.9 6.1-13.1L563.8 512z\\"></path></svg></span></span><button type=\\"button\\" class=\\"ant-btn ant-btn-dashed ant-btn-sm\\"><span role=\\"img\\" aria-label=\\"plus\\" class=\\"anticon anticon-plus\\"><svg viewBox=\\"64 64 896 896\\" focusable=\\"false\\" data-icon=\\"plus\\" width=\\"1em\\" height=\\"1em\\" fill=\\"currentColor\\" aria-hidden=\\"true\\"><defs><style></style></defs><path d=\\"M482 152h60q8 0 8 8v704q0 8-8 8h-60q-8 0-8-8V160q0-8 8-8z\\"></path><path d=\\"M176 474h672q8 0 8 8v60q0 8-8 8H176q-8 0-8-8v-60q0-8 8-8z\\"></path></svg></span><span>New label</span></button></div>"`;
