// Jest Snapshot v1, https://goo.gl/fbAQLP

exports[`OverviewMetrics should render OverviewMetrics component 1`] = `"<div><div style=\\"border: 1px solid #fff;\\"><div class=\\"ant-descriptions\\"><div class=\\"ant-descriptions-view\\"><table><tbody><tr class=\\"ant-descriptions-row\\"><td class=\\"ant-descriptions-item\\" style=\\"flex-wrap: wrap;\\" colspan=\\"3\\"><div class=\\"ant-descriptions-item-container\\"><span class=\\"ant-descriptions-item-content\\"><div class=\\"ant-statistic\\" style=\\"border: 1px solid #ffd166; border-radius: 10px; box-shadow: 0px 2px 4px rgba(0, 0, 0, 0.2); flex: 1 1 auto; margin: 8px; text-align: center; padding: 5px;\\"><div class=\\"ant-statistic-title\\">Average Latency</div><div class=\\"ant-statistic-content\\"><span class=\\"ant-statistic-content-value\\"><span class=\\"ant-statistic-content-value-int\\">52</span><span class=\\"ant-statistic-content-value-decimal\\">.50</span></span><span class=\\"ant-statistic-content-suffix\\">ms</span></div></div><div class=\\"ant-statistic\\" style=\\"border: 1px solid #ffab40; border-radius: 10px; box-shadow: 0px 2px 4px rgba(0, 0, 0, 0.2); flex: 1 1 auto; margin: 8px; text-align: center; padding: 5px;\\"><div class=\\"ant-statistic-title\\">90% Latency</div><div class=\\"ant-statistic-content\\"><span class=\\"ant-statistic-content-value\\"><span class=\\"ant-statistic-content-value-int\\">62</span><span class=\\"ant-statistic-content-value-decimal\\">.50</span></span><span class=\\"ant-statistic-content-suffix\\">ms</span></div></div><div class=\\"ant-statistic\\" style=\\"border: 1px solid #ff6b6b; border-radius: 10px; box-shadow: 0px 2px 4px rgba(0, 0, 0, 0.2); flex: 1 1 auto; margin: 8px; text-align: center; padding: 5px;\\"><div class=\\"ant-statistic-title\\">Errors</div><div class=\\"ant-statistic-content\\"><span class=\\"ant-statistic-content-value\\"><span class=\\"ant-statistic-content-value-int\\">22</span><span class=\\"ant-statistic-content-value-decimal\\">.86</span></span><span class=\\"ant-statistic-content-suffix\\">%</span></div></div><div class=\\"ant-statistic\\" style=\\"border: 1px solid #64b5f6; border-radius: 10px; box-shadow: 0px 2px 4px rgba(0, 0, 0, 0.2); flex: 1 1 auto; margin: 8px; text-align: center; padding: 5px;\\"><div class=\\"ant-statistic-title\\">Average RPM</div><div class=\\"ant-statistic-content\\"><span class=\\"ant-statistic-content-value\\"><span class=\\"ant-statistic-content-value-int\\">55</span></span><span class=\\"ant-statistic-content-suffix\\">req/min</span></div></div></span></div></td></tr></tbody></table></div></div></div></div>"`;
