// Jest Snapshot v1, https://goo.gl/fbAQLP

exports[`components/Run/RunningStatus/MoreButtonsMenu should render MoreButtonsMenu component 1`] = `"<div><button type=\\"button\\" class=\\"ant-btn css-dev-only-do-not-override-nnuwmp ant-btn-text ant-btn-icon-only ant-dropdown-trigger\\"><span class=\\"ant-btn-icon\\"><span role=\\"img\\" aria-label=\\"more\\" style=\\"font-size: 20px;\\" class=\\"anticon anticon-more\\"><svg viewBox=\\"64 64 896 896\\" focusable=\\"false\\" data-icon=\\"more\\" width=\\"1em\\" height=\\"1em\\" fill=\\"currentColor\\" aria-hidden=\\"true\\"><path d=\\"M456 231a56 56 0 10112 0 56 56 0 10-112 0zm0 280a56 56 0 10112 0 56 56 0 10-112 0zm0 280a56 56 0 10112 0 56 56 0 10-112 0z\\"></path></svg></span></span></button></div>"`;
