// Jest Snapshot v1, https://goo.gl/fbAQLP

exports[`components/RunConfiguration/Form/RunHostsFormItem should render RunHostsFormItem component 1`] = `"<div><form class=\\"ant-form ant-form-horizontal css-dev-only-do-not-override-nnuwmp\\"><button type=\\"button\\" class=\\"ant-btn css-dev-only-do-not-override-nnuwmp ant-btn-dashed ant-btn-block\\"><span class=\\"ant-btn-icon\\"><span role=\\"img\\" aria-label=\\"plus\\" class=\\"anticon anticon-plus\\"><svg viewBox=\\"64 64 896 896\\" focusable=\\"false\\" data-icon=\\"plus\\" width=\\"1em\\" height=\\"1em\\" fill=\\"currentColor\\" aria-hidden=\\"true\\"><path d=\\"M482 152h60q8 0 8 8v704q0 8-8 8h-60q-8 0-8-8V160q0-8 8-8z\\"></path><path d=\\"M192 474h672q8 0 8 8v60q0 8-8 8H160q-8 0-8-8v-60q0-8 8-8z\\"></path></svg></span></span><span>Add custom host</span></button></form></div>"`;
