// Jest Snapshot v1, https://goo.gl/fbAQLP

exports[`components/form/select/AgentLogLevelsSelect should render AgentLogLevelsSelect component with mode=multiple 1`] = `"<div><div style=\\"display: flex; align-items: center;\\"><div class=\\"ant-select ant-select-multiple ant-select-allow-clear ant-select-show-search\\" style=\\"width: 100%;\\"><div class=\\"ant-select-selector\\"><div class=\\"ant-select-selection-overflow\\"><div class=\\"ant-select-selection-overflow-item ant-select-selection-overflow-item-suffix\\" style=\\"opacity: 1;\\"><div class=\\"ant-select-selection-search\\" style=\\"width: 0px;\\"><input type=\\"search\\" autocomplete=\\"off\\" class=\\"ant-select-selection-search-input\\" role=\\"combobox\\" aria-haspopup=\\"listbox\\" aria-owns=\\"rc_select_TEST_OR_SSR_list\\" aria-autocomplete=\\"list\\" aria-controls=\\"rc_select_TEST_OR_SSR_list\\" aria-activedescendant=\\"rc_select_TEST_OR_SSR_list_0\\" readonly=\\"\\" unselectable=\\"on\\" style=\\"opacity: 0;\\" value=\\"\\" id=\\"rc_select_TEST_OR_SSR\\"><span class=\\"ant-select-selection-search-mirror\\" aria-hidden=\\"true\\">&nbsp;</span></div></div></div><span class=\\"ant-select-selection-placeholder\\">Select Log level</span></div></div><button style=\\"margin-left: 10px;\\" type=\\"button\\" class=\\"ant-btn ant-btn-primary\\"><span>Select All</span></button><button style=\\"margin-left: 10px;\\" type=\\"button\\" class=\\"ant-btn ant-btn-danger\\"><span>Unselect All</span></button></div></div>"`;

exports[`components/form/select/AgentLogLevelsSelect should render AgentLogLevelsSelect component with mode=single 1`] = `"<div><div style=\\"display: flex; align-items: center;\\"><div class=\\"ant-select ant-select-multiple ant-select-allow-clear ant-select-show-search\\" style=\\"width: 100%;\\"><div class=\\"ant-select-selector\\"><div class=\\"ant-select-selection-overflow\\"><div class=\\"ant-select-selection-overflow-item ant-select-selection-overflow-item-suffix\\" style=\\"opacity: 1;\\"><div class=\\"ant-select-selection-search\\" style=\\"width: 0px;\\"><input type=\\"search\\" autocomplete=\\"off\\" class=\\"ant-select-selection-search-input\\" role=\\"combobox\\" aria-haspopup=\\"listbox\\" aria-owns=\\"rc_select_TEST_OR_SSR_list\\" aria-autocomplete=\\"list\\" aria-controls=\\"rc_select_TEST_OR_SSR_list\\" aria-activedescendant=\\"rc_select_TEST_OR_SSR_list_0\\" readonly=\\"\\" unselectable=\\"on\\" style=\\"opacity: 0;\\" value=\\"\\" id=\\"rc_select_TEST_OR_SSR\\"><span class=\\"ant-select-selection-search-mirror\\" aria-hidden=\\"true\\">&nbsp;</span></div></div></div><span class=\\"ant-select-selection-placeholder\\">Select Log level</span></div></div><button style=\\"margin-left: 10px;\\" type=\\"button\\" class=\\"ant-btn ant-btn-primary\\"><span>Select All</span></button><button style=\\"margin-left: 10px;\\" type=\\"button\\" class=\\"ant-btn ant-btn-danger\\"><span>Unselect All</span></button></div></div>"`;
