// Jest Snapshot v1, https://goo.gl/fbAQLP

exports[`components/RunConfiguration/Form/TitleFormItem should render TitleFormItem component 1`] = `"<div><form class=\\"ant-form ant-form-horizontal\\"><div class=\\"ant-row ant-form-item\\"><div class=\\"ant-col ant-form-item-label\\"><label class=\\"\\" title=\\"Title\\">Title</label></div><div class=\\"ant-col ant-form-item-control\\"><div class=\\"ant-form-item-control-input\\"><div class=\\"ant-form-item-control-input-content\\"><input type=\\"text\\" id=\\"title\\" class=\\"ant-input\\" value=\\"\\"></div></div></div></div><div class=\\"ant-row ant-form-item\\"><div class=\\"ant-col ant-form-item-label\\"><label class=\\"\\" title=\\"Labels\\">Labels</label></div><div class=\\"ant-col ant-form-item-control\\"><div class=\\"ant-form-item-control-input\\"><div class=\\"ant-form-item-control-input-content\\"><div class=\\"ant-select ant-select-multiple ant-select-allow-clear ant-select-show-search\\" style=\\"width: 100%;\\"><div class=\\"ant-select-selector\\"><div class=\\"ant-select-selection-overflow\\"><div class=\\"ant-select-selection-overflow-item ant-select-selection-overflow-item-suffix\\" style=\\"opacity: 1;\\"><div class=\\"ant-select-selection-search\\" style=\\"width: 0px;\\"><input id=\\"labels\\" autocomplete=\\"off\\" type=\\"search\\" class=\\"ant-select-selection-search-input\\" role=\\"combobox\\" aria-haspopup=\\"listbox\\" aria-owns=\\"labels_list\\" aria-autocomplete=\\"list\\" aria-controls=\\"labels_list\\" aria-activedescendant=\\"labels_list_0\\" value=\\"\\"><span class=\\"ant-select-selection-search-mirror\\" aria-hidden=\\"true\\">&nbsp;</span></div></div></div><span class=\\"ant-select-selection-placeholder\\">Select default labels</span></div></div></div></div></div></div></form></div>"`;
