// Jest Snapshot v1, https://goo.gl/fbAQLP

exports[`ResponseCodes should render ResponseCodes component 1`] = `"<div><div><h3>Error Codes ( Filter applied: &lt; 100 and &gt; 400 )</h3></div><div class=\\"ant-collapse ant-collapse-icon-position-left\\" role=\\"tablist\\"><div class=\\"ant-collapse-item\\"><div class=\\"ant-collapse-header\\" role=\\"tab\\" tabindex=\\"0\\" aria-expanded=\\"false\\"><div><span role=\\"img\\" aria-label=\\"right\\" class=\\"anticon anticon-right ant-collapse-arrow\\"><svg viewBox=\\"64 64 896 896\\" focusable=\\"false\\" data-icon=\\"right\\" width=\\"1em\\" height=\\"1em\\" fill=\\"currentColor\\" aria-hidden=\\"true\\"><path d=\\"M765.7 486.8L314.9 134.7A7.97 7.97 0 00302 141v77.3c0 4.9 2.3 9.6 6.1 12.6l360 281.1-360 281.1c-3.9 3-6.1 7.7-6.1 12.6V883c0 6.7 7.7 10.4 12.9 6.3l450.8-352.1a31.96 31.96 0 000-50.4z\\"></path></svg></span></div><span>500 <span class=\\"ant-badge ant-badge-not-a-wrapper\\"><sup data-show=\\"true\\" class=\\"ant-scroll-number ant-badge-count\\" title=\\"5\\"><span class=\\"ant-scroll-number-only\\" style=\\"transition: none;\\"><span class=\\"ant-scroll-number-only-unit current\\">5</span></span></sup></span></span></div></div><div class=\\"ant-collapse-item\\"><div class=\\"ant-collapse-header\\" role=\\"tab\\" tabindex=\\"0\\" aria-expanded=\\"false\\"><div><span role=\\"img\\" aria-label=\\"right\\" class=\\"anticon anticon-right ant-collapse-arrow\\"><svg viewBox=\\"64 64 896 896\\" focusable=\\"false\\" data-icon=\\"right\\" width=\\"1em\\" height=\\"1em\\" fill=\\"currentColor\\" aria-hidden=\\"true\\"><path d=\\"M765.7 486.8L314.9 134.7A7.97 7.97 0 00302 141v77.3c0 4.9 2.3 9.6 6.1 12.6l360 281.1-360 281.1c-3.9 3-6.1 7.7-6.1 12.6V883c0 6.7 7.7 10.4 12.9 6.3l450.8-352.1a31.96 31.96 0 000-50.4z\\"></path></svg></span></div><span>501 <span class=\\"ant-badge ant-badge-not-a-wrapper\\"><sup data-show=\\"true\\" class=\\"ant-scroll-number ant-badge-count\\" title=\\"3\\"><span class=\\"ant-scroll-number-only\\" style=\\"transition: none;\\"><span class=\\"ant-scroll-number-only-unit current\\">3</span></span></sup></span></span></div></div></div></div>"`;
