// Jest Snapshot v1, https://goo.gl/fbAQLP

exports[`RunSummaryTable should render RunSummaryTable component 1`] = `"<div><div class=\\"ant-table-wrapper\\"><div class=\\"ant-spin-nested-loading\\"><div class=\\"ant-spin-container\\"><div class=\\"ant-table ant-table-small\\"><div class=\\"ant-table-container\\"><div class=\\"ant-table-content\\"><table style=\\"table-layout: fixed;\\"><colgroup><col class=\\"ant-table-expand-icon-col\\"><col style=\\"width: 300px;\\"><col style=\\"width: 100px;\\"><col style=\\"width: 100px;\\"><col style=\\"width: 100px;\\"><col style=\\"width: 100px;\\"><col style=\\"width: 110px;\\"><col style=\\"width: 100px;\\"><col style=\\"width: 120px;\\"><col style=\\"width: 50px;\\"></colgroup><thead class=\\"ant-table-thead\\"><tr><th class=\\"ant-table-cell ant-table-row-expand-icon-cell\\"></th><th class=\\"ant-table-cell ant-table-cell-ellipsis ant-table-column-has-sorters\\"><div class=\\"ant-table-column-sorters\\"><span class=\\"ant-table-column-title\\">Label</span><span class=\\"ant-table-column-sorter ant-table-column-sorter-full\\"><span class=\\"ant-table-column-sorter-inner\\"><span role=\\"img\\" aria-label=\\"caret-up\\" class=\\"anticon anticon-caret-up ant-table-column-sorter-up\\"><svg viewBox=\\"0 0 1024 1024\\" focusable=\\"false\\" data-icon=\\"caret-up\\" width=\\"1em\\" height=\\"1em\\" fill=\\"currentColor\\" aria-hidden=\\"true\\"><path d=\\"M858.9 689L530.5 308.2c-9.4-10.9-27.5-10.9-37 0L165.1 689c-12.2 14.2-1.2 35 18.5 35h656.8c19.7 0 30.7-20.8 18.5-35z\\"></path></svg></span><span role=\\"img\\" aria-label=\\"caret-down\\" class=\\"anticon anticon-caret-down ant-table-column-sorter-down\\"><svg viewBox=\\"0 0 1024 1024\\" focusable=\\"false\\" data-icon=\\"caret-down\\" width=\\"1em\\" height=\\"1em\\" fill=\\"currentColor\\" aria-hidden=\\"true\\"><path d=\\"M840.4 300H183.6c-19.7 0-30.7 20.8-18.5 35l328.4 380.8c9.4 10.9 27.5 10.9 37 0L858.9 335c12.2-14.2 1.2-35-18.5-35z\\"></path></svg></span></span></span></div></th><th class=\\"ant-table-cell ant-table-column-has-sorters\\"><div class=\\"ant-table-column-sorters\\"><span class=\\"ant-table-column-title\\">Latency (p50)</span><span class=\\"ant-table-column-sorter ant-table-column-sorter-full\\"><span class=\\"ant-table-column-sorter-inner\\"><span role=\\"img\\" aria-label=\\"caret-up\\" class=\\"anticon anticon-caret-up ant-table-column-sorter-up\\"><svg viewBox=\\"0 0 1024 1024\\" focusable=\\"false\\" data-icon=\\"caret-up\\" width=\\"1em\\" height=\\"1em\\" fill=\\"currentColor\\" aria-hidden=\\"true\\"><path d=\\"M858.9 689L530.5 308.2c-9.4-10.9-27.5-10.9-37 0L165.1 689c-12.2 14.2-1.2 35 18.5 35h656.8c19.7 0 30.7-20.8 18.5-35z\\"></path></svg></span><span role=\\"img\\" aria-label=\\"caret-down\\" class=\\"anticon anticon-caret-down ant-table-column-sorter-down\\"><svg viewBox=\\"0 0 1024 1024\\" focusable=\\"false\\" data-icon=\\"caret-down\\" width=\\"1em\\" height=\\"1em\\" fill=\\"currentColor\\" aria-hidden=\\"true\\"><path d=\\"M840.4 300H183.6c-19.7 0-30.7 20.8-18.5 35l328.4 380.8c9.4 10.9 27.5 10.9 37 0L858.9 335c12.2-14.2 1.2-35-18.5-35z\\"></path></svg></span></span></span></div></th><th class=\\"ant-table-cell ant-table-column-has-sorters\\"><div class=\\"ant-table-column-sorters\\"><span class=\\"ant-table-column-title\\">Latency (p99)</span><span class=\\"ant-table-column-sorter ant-table-column-sorter-full\\"><span class=\\"ant-table-column-sorter-inner\\"><span role=\\"img\\" aria-label=\\"caret-up\\" class=\\"anticon anticon-caret-up ant-table-column-sorter-up\\"><svg viewBox=\\"0 0 1024 1024\\" focusable=\\"false\\" data-icon=\\"caret-up\\" width=\\"1em\\" height=\\"1em\\" fill=\\"currentColor\\" aria-hidden=\\"true\\"><path d=\\"M858.9 689L530.5 308.2c-9.4-10.9-27.5-10.9-37 0L165.1 689c-12.2 14.2-1.2 35 18.5 35h656.8c19.7 0 30.7-20.8 18.5-35z\\"></path></svg></span><span role=\\"img\\" aria-label=\\"caret-down\\" class=\\"anticon anticon-caret-down ant-table-column-sorter-down\\"><svg viewBox=\\"0 0 1024 1024\\" focusable=\\"false\\" data-icon=\\"caret-down\\" width=\\"1em\\" height=\\"1em\\" fill=\\"currentColor\\" aria-hidden=\\"true\\"><path d=\\"M840.4 300H183.6c-19.7 0-30.7 20.8-18.5 35l328.4 380.8c9.4 10.9 27.5 10.9 37 0L858.9 335c12.2-14.2 1.2-35-18.5-35z\\"></path></svg></span></span></span></div></th><th class=\\"ant-table-cell ant-table-column-has-sorters\\"><div class=\\"ant-table-column-sorters\\"><span class=\\"ant-table-column-title\\">Total</span><span class=\\"ant-table-column-sorter ant-table-column-sorter-full\\"><span class=\\"ant-table-column-sorter-inner\\"><span role=\\"img\\" aria-label=\\"caret-up\\" class=\\"anticon anticon-caret-up ant-table-column-sorter-up\\"><svg viewBox=\\"0 0 1024 1024\\" focusable=\\"false\\" data-icon=\\"caret-up\\" width=\\"1em\\" height=\\"1em\\" fill=\\"currentColor\\" aria-hidden=\\"true\\"><path d=\\"M858.9 689L530.5 308.2c-9.4-10.9-27.5-10.9-37 0L165.1 689c-12.2 14.2-1.2 35 18.5 35h656.8c19.7 0 30.7-20.8 18.5-35z\\"></path></svg></span><span role=\\"img\\" aria-label=\\"caret-down\\" class=\\"anticon anticon-caret-down ant-table-column-sorter-down\\"><svg viewBox=\\"0 0 1024 1024\\" focusable=\\"false\\" data-icon=\\"caret-down\\" width=\\"1em\\" height=\\"1em\\" fill=\\"currentColor\\" aria-hidden=\\"true\\"><path d=\\"M840.4 300H183.6c-19.7 0-30.7 20.8-18.5 35l328.4 380.8c9.4 10.9 27.5 10.9 37 0L858.9 335c12.2-14.2 1.2-35-18.5-35z\\"></path></svg></span></span></span></div></th><th class=\\"ant-table-cell ant-table-column-has-sorters\\"><div class=\\"ant-table-column-sorters\\"><span class=\\"ant-table-column-title\\">Success</span><span class=\\"ant-table-column-sorter ant-table-column-sorter-full\\"><span class=\\"ant-table-column-sorter-inner\\"><span role=\\"img\\" aria-label=\\"caret-up\\" class=\\"anticon anticon-caret-up ant-table-column-sorter-up\\"><svg viewBox=\\"0 0 1024 1024\\" focusable=\\"false\\" data-icon=\\"caret-up\\" width=\\"1em\\" height=\\"1em\\" fill=\\"currentColor\\" aria-hidden=\\"true\\"><path d=\\"M858.9 689L530.5 308.2c-9.4-10.9-27.5-10.9-37 0L165.1 689c-12.2 14.2-1.2 35 18.5 35h656.8c19.7 0 30.7-20.8 18.5-35z\\"></path></svg></span><span role=\\"img\\" aria-label=\\"caret-down\\" class=\\"anticon anticon-caret-down ant-table-column-sorter-down\\"><svg viewBox=\\"0 0 1024 1024\\" focusable=\\"false\\" data-icon=\\"caret-down\\" width=\\"1em\\" height=\\"1em\\" fill=\\"currentColor\\" aria-hidden=\\"true\\"><path d=\\"M840.4 300H183.6c-19.7 0-30.7 20.8-18.5 35l328.4 380.8c9.4 10.9 27.5 10.9 37 0L858.9 335c12.2-14.2 1.2-35-18.5-35z\\"></path></svg></span></span></span></div></th><th class=\\"ant-table-cell ant-table-column-has-sorters\\"><div class=\\"ant-table-column-sorters\\"><span class=\\"ant-table-column-title\\">Error count</span><span class=\\"ant-table-column-sorter ant-table-column-sorter-full\\"><span class=\\"ant-table-column-sorter-inner\\"><span role=\\"img\\" aria-label=\\"caret-up\\" class=\\"anticon anticon-caret-up ant-table-column-sorter-up\\"><svg viewBox=\\"0 0 1024 1024\\" focusable=\\"false\\" data-icon=\\"caret-up\\" width=\\"1em\\" height=\\"1em\\" fill=\\"currentColor\\" aria-hidden=\\"true\\"><path d=\\"M858.9 689L530.5 308.2c-9.4-10.9-27.5-10.9-37 0L165.1 689c-12.2 14.2-1.2 35 18.5 35h656.8c19.7 0 30.7-20.8 18.5-35z\\"></path></svg></span><span role=\\"img\\" aria-label=\\"caret-down\\" class=\\"anticon anticon-caret-down ant-table-column-sorter-down\\"><svg viewBox=\\"0 0 1024 1024\\" focusable=\\"false\\" data-icon=\\"caret-down\\" width=\\"1em\\" height=\\"1em\\" fill=\\"currentColor\\" aria-hidden=\\"true\\"><path d=\\"M840.4 300H183.6c-19.7 0-30.7 20.8-18.5 35l328.4 380.8c9.4 10.9 27.5 10.9 37 0L858.9 335c12.2-14.2 1.2-35-18.5-35z\\"></path></svg></span></span></span></div></th><th aria-sort=\\"descending\\" class=\\"ant-table-cell ant-table-column-sort ant-table-column-has-sorters\\"><div class=\\"ant-table-column-sorters\\"><span class=\\"ant-table-column-title\\">Error rate</span><span class=\\"ant-table-column-sorter ant-table-column-sorter-full\\"><span class=\\"ant-table-column-sorter-inner\\"><span role=\\"img\\" aria-label=\\"caret-up\\" class=\\"anticon anticon-caret-up ant-table-column-sorter-up\\"><svg viewBox=\\"0 0 1024 1024\\" focusable=\\"false\\" data-icon=\\"caret-up\\" width=\\"1em\\" height=\\"1em\\" fill=\\"currentColor\\" aria-hidden=\\"true\\"><path d=\\"M858.9 689L530.5 308.2c-9.4-10.9-27.5-10.9-37 0L165.1 689c-12.2 14.2-1.2 35 18.5 35h656.8c19.7 0 30.7-20.8 18.5-35z\\"></path></svg></span><span role=\\"img\\" aria-label=\\"caret-down\\" class=\\"anticon anticon-caret-down ant-table-column-sorter-down active\\"><svg viewBox=\\"0 0 1024 1024\\" focusable=\\"false\\" data-icon=\\"caret-down\\" width=\\"1em\\" height=\\"1em\\" fill=\\"currentColor\\" aria-hidden=\\"true\\"><path d=\\"M840.4 300H183.6c-19.7 0-30.7 20.8-18.5 35l328.4 380.8c9.4 10.9 27.5 10.9 37 0L858.9 335c12.2-14.2 1.2-35-18.5-35z\\"></path></svg></span></span></span></div></th><th class=\\"ant-table-cell ant-table-column-has-sorters\\"><div class=\\"ant-table-column-sorters\\"><span class=\\"ant-table-column-title\\">RPM</span><span class=\\"ant-table-column-sorter ant-table-column-sorter-full\\"><span class=\\"ant-table-column-sorter-inner\\"><span role=\\"img\\" aria-label=\\"caret-up\\" class=\\"anticon anticon-caret-up ant-table-column-sorter-up\\"><svg viewBox=\\"0 0 1024 1024\\" focusable=\\"false\\" data-icon=\\"caret-up\\" width=\\"1em\\" height=\\"1em\\" fill=\\"currentColor\\" aria-hidden=\\"true\\"><path d=\\"M858.9 689L530.5 308.2c-9.4-10.9-27.5-10.9-37 0L165.1 689c-12.2 14.2-1.2 35 18.5 35h656.8c19.7 0 30.7-20.8 18.5-35z\\"></path></svg></span><span role=\\"img\\" aria-label=\\"caret-down\\" class=\\"anticon anticon-caret-down ant-table-column-sorter-down\\"><svg viewBox=\\"0 0 1024 1024\\" focusable=\\"false\\" data-icon=\\"caret-down\\" width=\\"1em\\" height=\\"1em\\" fill=\\"currentColor\\" aria-hidden=\\"true\\"><path d=\\"M840.4 300H183.6c-19.7 0-30.7 20.8-18.5 35l328.4 380.8c9.4 10.9 27.5 10.9 37 0L858.9 335c12.2-14.2 1.2-35-18.5-35z\\"></path></svg></span></span></span></div></th><th class=\\"ant-table-cell\\"></th></tr></thead><tbody class=\\"ant-table-tbody\\"><tr class=\\"ant-table-row ant-table-row-level-0\\"><td class=\\"ant-table-cell ant-table-row-expand-icon-cell\\"><button type=\\"button\\" class=\\"ant-table-row-expand-icon ant-table-row-expand-icon-collapsed\\" aria-label=\\"Expand row\\"></button></td><td title=\\"Label 1\\" class=\\"ant-table-cell ant-table-cell-ellipsis\\">Label 1</td><td class=\\"ant-table-cell\\"><span>50 <span style=\\"font-size: 11px;\\">ms</span></span></td><td class=\\"ant-table-cell\\"><span>60 <span style=\\"font-size: 11px;\\">ms</span></span></td><td class=\\"ant-table-cell\\"><span>100</span></td><td class=\\"ant-table-cell\\"><span>90</span></td><td class=\\"ant-table-cell\\"><span>10</span></td><td class=\\"ant-table-cell ant-table-column-sort\\"><span>10<span style=\\"font-size: 11px;\\">%</span></span></td><td class=\\"ant-table-cell\\"><span>200 <span style=\\"font-size: 11px;\\">req/min</span></span></td><td class=\\"ant-table-cell\\"><button type=\\"button\\" class=\\"ant-btn ant-btn-default ant-btn-icon-only\\"><span role=\\"img\\" aria-label=\\"line-chart\\" class=\\"anticon anticon-line-chart\\"><svg viewBox=\\"64 64 896 896\\" focusable=\\"false\\" data-icon=\\"line-chart\\" width=\\"1em\\" height=\\"1em\\" fill=\\"currentColor\\" aria-hidden=\\"true\\"><path d=\\"M888 792H200V168c0-4.4-3.6-8-8-8h-56c-4.4 0-8 3.6-8 8v688c0 4.4 3.6 8 8 8h752c4.4 0 8-3.6 8-8v-56c0-4.4-3.6-8-8-8zM305.8 637.7c3.1 3.1 8.1 3.1 11.3 0l138.3-137.6L583 628.5c3.1 3.1 8.2 3.1 11.3 0l275.4-275.3c3.1-3.1 3.1-8.2 0-11.3l-39.6-39.6a8.03 8.03 0 00-11.3 0l-230 229.9L461.4 404a8.03 8.03 0 00-11.3 0L266.3 586.7a8.03 8.03 0 000 11.3l39.5 39.7z\\"></path></svg></span></button></td></tr></tbody><tfoot class=\\"ant-table-summary\\"><tr><td class=\\"ant-table-cell\\"></td><td class=\\"ant-table-cell\\"><span class=\\"ant-typography\\"><strong>Total</strong></span></td><td class=\\"ant-table-cell\\"><span class=\\"ant-typography\\"><span class=\\"ant-typography\\"><strong>55.00</strong></span><span style=\\"font-size: 11px;\\"> ms</span></span></td><td class=\\"ant-table-cell\\"><span class=\\"ant-typography\\"><span class=\\"ant-typography\\"><strong>65.00</strong></span><span style=\\"font-size: 11px;\\"> ms</span></span></td><td class=\\"ant-table-cell\\"><span class=\\"ant-typography\\"><strong>200</strong></span></td><td class=\\"ant-table-cell\\"><span class=\\"ant-typography\\"><strong>180</strong></span></td><td class=\\"ant-table-cell\\"><span class=\\"ant-typography\\"><strong>20</strong></span></td><td class=\\"ant-table-cell\\"><span class=\\"ant-typography\\"><strong>10</strong></span><span style=\\"font-size: 11px;\\"> %</span></td><td class=\\"ant-table-cell\\"><span class=\\"ant-typography\\"><strong>400</strong></span><span style=\\"font-size: 11px;\\"> req/min</span></td></tr></tfoot></table></div></div></div></div></div></div></div>"`;
