// Jest Snapshot v1, https://goo.gl/fbAQLP

exports[`components/RunConfiguration/Table should render RunConfigurationTable component 1`] = `"<div><div class=\\"ant-row ant-row-start ant-row-middle\\" style=\\"margin: -16px -16px -16px -16px;\\"><div style=\\"padding: 16px 16px 16px 16px;\\" class=\\"ant-col ant-col-24\\"><div class=\\"ant-table-wrapper\\"><div class=\\"ant-spin-nested-loading\\"><div class=\\"ant-spin-container\\"><div class=\\"ant-table ant-table-small\\"><div class=\\"ant-table-container\\"><div class=\\"ant-table-content\\"><table style=\\"table-layout: auto;\\"><colgroup><col><col style=\\"width: 180px;\\"><col style=\\"width: 180px;\\"><col style=\\"width: 200px;\\"></colgroup><thead class=\\"ant-table-thead\\"><tr><th class=\\"ant-table-cell\\">Title</th><th class=\\"ant-table-cell ant-table-column-has-sorters\\"><div class=\\"ant-table-column-sorters\\"><span class=\\"ant-table-column-title\\">Next Run</span><span class=\\"ant-table-column-sorter ant-table-column-sorter-full\\"><span class=\\"ant-table-column-sorter-inner\\"><span role=\\"img\\" aria-label=\\"caret-up\\" class=\\"anticon anticon-caret-up ant-table-column-sorter-up\\"><svg viewBox=\\"0 0 1024 1024\\" focusable=\\"false\\" data-icon=\\"caret-up\\" width=\\"1em\\" height=\\"1em\\" fill=\\"currentColor\\" aria-hidden=\\"true\\"><path d=\\"M858.9 689L530.5 308.2c-9.4-10.9-27.5-10.9-37 0L165.1 689c-12.2 14.2-1.2 35 18.5 35h656.8c19.7 0 30.7-20.8 18.5-35z\\"></path></svg></span><span role=\\"img\\" aria-label=\\"caret-down\\" class=\\"anticon anticon-caret-down ant-table-column-sorter-down\\"><svg viewBox=\\"0 0 1024 1024\\" focusable=\\"false\\" data-icon=\\"caret-down\\" width=\\"1em\\" height=\\"1em\\" fill=\\"currentColor\\" aria-hidden=\\"true\\"><path d=\\"M840.4 300H183.6c-19.7 0-30.7 20.8-18.5 35l328.4 380.8c9.4 10.9 27.5 10.9 37 0L858.9 335c12.2-14.2 1.2-35-18.5-35z\\"></path></svg></span></span></span></div></th><th class=\\"ant-table-cell ant-table-column-sort ant-table-column-has-sorters\\"><div class=\\"ant-table-column-sorters\\"><span class=\\"ant-table-column-title\\">Created</span><span class=\\"ant-table-column-sorter ant-table-column-sorter-full\\"><span class=\\"ant-table-column-sorter-inner\\"><span role=\\"img\\" aria-label=\\"caret-up\\" class=\\"anticon anticon-caret-up ant-table-column-sorter-up\\"><svg viewBox=\\"0 0 1024 1024\\" focusable=\\"false\\" data-icon=\\"caret-up\\" width=\\"1em\\" height=\\"1em\\" fill=\\"currentColor\\" aria-hidden=\\"true\\"><path d=\\"M858.9 689L530.5 308.2c-9.4-10.9-27.5-10.9-37 0L165.1 689c-12.2 14.2-1.2 35 18.5 35h656.8c19.7 0 30.7-20.8 18.5-35z\\"></path></svg></span><span role=\\"img\\" aria-label=\\"caret-down\\" class=\\"anticon anticon-caret-down ant-table-column-sorter-down active\\"><svg viewBox=\\"0 0 1024 1024\\" focusable=\\"false\\" data-icon=\\"caret-down\\" width=\\"1em\\" height=\\"1em\\" fill=\\"currentColor\\" aria-hidden=\\"true\\"><path d=\\"M840.4 300H183.6c-19.7 0-30.7 20.8-18.5 35l328.4 380.8c9.4 10.9 27.5 10.9 37 0L858.9 335c12.2-14.2 1.2-35-18.5-35z\\"></path></svg></span></span></span></div></th><th class=\\"ant-table-cell\\">Action</th></tr></thead><tbody class=\\"ant-table-tbody\\"><tr data-row-key=\\"run-configuration-id-1\\" class=\\"ant-table-row ant-table-row-level-0\\"><td class=\\"ant-table-cell\\">Confgiuration title</td><td class=\\"ant-table-cell\\"></td><td class=\\"ant-table-cell ant-table-column-sort\\">05/24/2018 13:48</td><td class=\\"ant-table-cell\\"><div class=\\"ant-space ant-space-horizontal ant-space-align-center\\"><div class=\\"ant-space-item\\"><a href=\\"/test/run-configuration-id-1\\">Open</a></div></div></td></tr></tbody></table></div></div></div></div></div></div></div></div></div>"`;

exports[`components/RunConfiguration/Table should render RunConfigurationTable loader 1`] = `"<div><div class=\\"ant-row ant-row-start ant-row-middle\\" style=\\"margin: -16px -16px -16px -16px;\\"><div style=\\"padding: 16px 16px 16px 16px;\\" class=\\"ant-col ant-col-24\\"><div class=\\"ant-table-wrapper\\"><div class=\\"ant-spin-nested-loading\\"><div><div class=\\"ant-spin ant-spin-spinning\\"><span class=\\"ant-spin-dot ant-spin-dot-spin\\"><i class=\\"ant-spin-dot-item\\"></i><i class=\\"ant-spin-dot-item\\"></i><i class=\\"ant-spin-dot-item\\"></i><i class=\\"ant-spin-dot-item\\"></i></span></div></div><div class=\\"ant-spin-container ant-spin-blur\\"><div class=\\"ant-table ant-table-small\\"><div class=\\"ant-table-container\\"><div class=\\"ant-table-content\\"><table style=\\"table-layout: auto;\\"><colgroup><col><col style=\\"width: 180px;\\"><col style=\\"width: 180px;\\"><col style=\\"width: 200px;\\"></colgroup><thead class=\\"ant-table-thead\\"><tr><th class=\\"ant-table-cell\\">Title</th><th class=\\"ant-table-cell ant-table-column-has-sorters\\"><div class=\\"ant-table-column-sorters\\"><span class=\\"ant-table-column-title\\">Next Run</span><span class=\\"ant-table-column-sorter ant-table-column-sorter-full\\"><span class=\\"ant-table-column-sorter-inner\\"><span role=\\"img\\" aria-label=\\"caret-up\\" class=\\"anticon anticon-caret-up ant-table-column-sorter-up\\"><svg viewBox=\\"0 0 1024 1024\\" focusable=\\"false\\" data-icon=\\"caret-up\\" width=\\"1em\\" height=\\"1em\\" fill=\\"currentColor\\" aria-hidden=\\"true\\"><path d=\\"M858.9 689L530.5 308.2c-9.4-10.9-27.5-10.9-37 0L165.1 689c-12.2 14.2-1.2 35 18.5 35h656.8c19.7 0 30.7-20.8 18.5-35z\\"></path></svg></span><span role=\\"img\\" aria-label=\\"caret-down\\" class=\\"anticon anticon-caret-down ant-table-column-sorter-down\\"><svg viewBox=\\"0 0 1024 1024\\" focusable=\\"false\\" data-icon=\\"caret-down\\" width=\\"1em\\" height=\\"1em\\" fill=\\"currentColor\\" aria-hidden=\\"true\\"><path d=\\"M840.4 300H183.6c-19.7 0-30.7 20.8-18.5 35l328.4 380.8c9.4 10.9 27.5 10.9 37 0L858.9 335c12.2-14.2 1.2-35-18.5-35z\\"></path></svg></span></span></span></div></th><th class=\\"ant-table-cell ant-table-column-sort ant-table-column-has-sorters\\"><div class=\\"ant-table-column-sorters\\"><span class=\\"ant-table-column-title\\">Created</span><span class=\\"ant-table-column-sorter ant-table-column-sorter-full\\"><span class=\\"ant-table-column-sorter-inner\\"><span role=\\"img\\" aria-label=\\"caret-up\\" class=\\"anticon anticon-caret-up ant-table-column-sorter-up\\"><svg viewBox=\\"0 0 1024 1024\\" focusable=\\"false\\" data-icon=\\"caret-up\\" width=\\"1em\\" height=\\"1em\\" fill=\\"currentColor\\" aria-hidden=\\"true\\"><path d=\\"M858.9 689L530.5 308.2c-9.4-10.9-27.5-10.9-37 0L165.1 689c-12.2 14.2-1.2 35 18.5 35h656.8c19.7 0 30.7-20.8 18.5-35z\\"></path></svg></span><span role=\\"img\\" aria-label=\\"caret-down\\" class=\\"anticon anticon-caret-down ant-table-column-sorter-down active\\"><svg viewBox=\\"0 0 1024 1024\\" focusable=\\"false\\" data-icon=\\"caret-down\\" width=\\"1em\\" height=\\"1em\\" fill=\\"currentColor\\" aria-hidden=\\"true\\"><path d=\\"M840.4 300H183.6c-19.7 0-30.7 20.8-18.5 35l328.4 380.8c9.4 10.9 27.5 10.9 37 0L858.9 335c12.2-14.2 1.2-35-18.5-35z\\"></path></svg></span></span></span></div></th><th class=\\"ant-table-cell\\">Action</th></tr></thead><tbody class=\\"ant-table-tbody\\"><tr data-row-key=\\"run-configuration-id-1\\" class=\\"ant-table-row ant-table-row-level-0\\"><td class=\\"ant-table-cell\\">Confgiuration title</td><td class=\\"ant-table-cell\\"></td><td class=\\"ant-table-cell ant-table-column-sort\\">05/24/2018 13:48</td><td class=\\"ant-table-cell\\"><div class=\\"ant-space ant-space-horizontal ant-space-align-center\\"><div class=\\"ant-space-item\\"><a href=\\"/test/run-configuration-id-1\\">Open</a></div></div></td></tr></tbody></table></div></div></div></div></div></div></div></div></div>"`;

exports[`components/RunConfiguration/Table should render RunConfigurationTable nextRun column 1`] = `"<div><div class=\\"ant-row ant-row-start ant-row-middle\\" style=\\"margin: -16px -16px -16px -16px;\\"><div style=\\"padding: 16px 16px 16px 16px;\\" class=\\"ant-col ant-col-24\\"><div class=\\"ant-table-wrapper\\"><div class=\\"ant-spin-nested-loading\\"><div class=\\"ant-spin-container\\"><div class=\\"ant-table ant-table-small\\"><div class=\\"ant-table-container\\"><div class=\\"ant-table-content\\"><table style=\\"table-layout: auto;\\"><colgroup><col><col style=\\"width: 180px;\\"><col style=\\"width: 180px;\\"><col style=\\"width: 200px;\\"></colgroup><thead class=\\"ant-table-thead\\"><tr><th class=\\"ant-table-cell\\">Title</th><th class=\\"ant-table-cell ant-table-column-has-sorters\\"><div class=\\"ant-table-column-sorters\\"><span class=\\"ant-table-column-title\\">Next Run</span><span class=\\"ant-table-column-sorter ant-table-column-sorter-full\\"><span class=\\"ant-table-column-sorter-inner\\"><span role=\\"img\\" aria-label=\\"caret-up\\" class=\\"anticon anticon-caret-up ant-table-column-sorter-up\\"><svg viewBox=\\"0 0 1024 1024\\" focusable=\\"false\\" data-icon=\\"caret-up\\" width=\\"1em\\" height=\\"1em\\" fill=\\"currentColor\\" aria-hidden=\\"true\\"><path d=\\"M858.9 689L530.5 308.2c-9.4-10.9-27.5-10.9-37 0L165.1 689c-12.2 14.2-1.2 35 18.5 35h656.8c19.7 0 30.7-20.8 18.5-35z\\"></path></svg></span><span role=\\"img\\" aria-label=\\"caret-down\\" class=\\"anticon anticon-caret-down ant-table-column-sorter-down\\"><svg viewBox=\\"0 0 1024 1024\\" focusable=\\"false\\" data-icon=\\"caret-down\\" width=\\"1em\\" height=\\"1em\\" fill=\\"currentColor\\" aria-hidden=\\"true\\"><path d=\\"M840.4 300H183.6c-19.7 0-30.7 20.8-18.5 35l328.4 380.8c9.4 10.9 27.5 10.9 37 0L858.9 335c12.2-14.2 1.2-35-18.5-35z\\"></path></svg></span></span></span></div></th><th class=\\"ant-table-cell ant-table-column-sort ant-table-column-has-sorters\\"><div class=\\"ant-table-column-sorters\\"><span class=\\"ant-table-column-title\\">Created</span><span class=\\"ant-table-column-sorter ant-table-column-sorter-full\\"><span class=\\"ant-table-column-sorter-inner\\"><span role=\\"img\\" aria-label=\\"caret-up\\" class=\\"anticon anticon-caret-up ant-table-column-sorter-up\\"><svg viewBox=\\"0 0 1024 1024\\" focusable=\\"false\\" data-icon=\\"caret-up\\" width=\\"1em\\" height=\\"1em\\" fill=\\"currentColor\\" aria-hidden=\\"true\\"><path d=\\"M858.9 689L530.5 308.2c-9.4-10.9-27.5-10.9-37 0L165.1 689c-12.2 14.2-1.2 35 18.5 35h656.8c19.7 0 30.7-20.8 18.5-35z\\"></path></svg></span><span role=\\"img\\" aria-label=\\"caret-down\\" class=\\"anticon anticon-caret-down ant-table-column-sorter-down active\\"><svg viewBox=\\"0 0 1024 1024\\" focusable=\\"false\\" data-icon=\\"caret-down\\" width=\\"1em\\" height=\\"1em\\" fill=\\"currentColor\\" aria-hidden=\\"true\\"><path d=\\"M840.4 300H183.6c-19.7 0-30.7 20.8-18.5 35l328.4 380.8c9.4 10.9 27.5 10.9 37 0L858.9 335c12.2-14.2 1.2-35-18.5-35z\\"></path></svg></span></span></span></div></th><th class=\\"ant-table-cell\\">Action</th></tr></thead><tbody class=\\"ant-table-tbody\\"><tr data-row-key=\\"run-configuration-id-1\\" class=\\"ant-table-row ant-table-row-level-0\\"><td class=\\"ant-table-cell\\">Confgiuration title</td><td class=\\"ant-table-cell\\">03/03/2022 13:50</td><td class=\\"ant-table-cell ant-table-column-sort\\">05/24/2018 13:48</td><td class=\\"ant-table-cell\\"><div class=\\"ant-space ant-space-horizontal ant-space-align-center\\"><div class=\\"ant-space-item\\"><a href=\\"/test/run-configuration-id-1\\">Open</a></div></div></td></tr><tr data-row-key=\\"run-configuration-id-2\\" class=\\"ant-table-row ant-table-row-level-0\\"><td class=\\"ant-table-cell\\">Confgiuration title</td><td class=\\"ant-table-cell\\">03/03/2022 13:00</td><td class=\\"ant-table-cell ant-table-column-sort\\">05/24/2018 13:48</td><td class=\\"ant-table-cell\\"><div class=\\"ant-space ant-space-horizontal ant-space-align-center\\"><div class=\\"ant-space-item\\"><a href=\\"/test/run-configuration-id-2\\">Open</a></div></div></td></tr><tr data-row-key=\\"run-configuration-id-3\\" class=\\"ant-table-row ant-table-row-level-0\\"><td class=\\"ant-table-cell\\">Confgiuration title</td><td class=\\"ant-table-cell\\">03/06/2022 10:00</td><td class=\\"ant-table-cell ant-table-column-sort\\">05/24/2018 13:48</td><td class=\\"ant-table-cell\\"><div class=\\"ant-space ant-space-horizontal ant-space-align-center\\"><div class=\\"ant-space-item\\"><a href=\\"/test/run-configuration-id-3\\">Open</a></div></div></td></tr></tbody></table></div></div></div></div></div></div></div></div></div>"`;
