// Jest Snapshot v1, https://goo.gl/fbAQLP

exports[`components/User/UserListTable should render UserListTable component 1`] = `"<div><div class=\\"ant-table-wrapper\\"><div class=\\"ant-spin-nested-loading\\"><div class=\\"ant-spin-container\\"><div class=\\"ant-table ant-table-small\\"><div class=\\"ant-table-container\\"><div class=\\"ant-table-content\\"><table style=\\"table-layout: auto;\\"><colgroup><col><col><col style=\\"width: 180px;\\"><col style=\\"width: 160px;\\"></colgroup><thead class=\\"ant-table-thead\\"><tr><th class=\\"ant-table-cell\\"><div class=\\"ant-table-filter-column\\"><span class=\\"ant-table-column-title\\">Name</span><span role=\\"button\\" tabindex=\\"-1\\" class=\\"ant-dropdown-trigger ant-table-filter-trigger\\"><span role=\\"img\\" aria-label=\\"filter\\" class=\\"anticon anticon-filter\\"><svg viewBox=\\"64 64 896 896\\" focusable=\\"false\\" data-icon=\\"filter\\" width=\\"1em\\" height=\\"1em\\" fill=\\"currentColor\\" aria-hidden=\\"true\\"><path d=\\"M349 838c0 17.7 14.2 32 31.8 32h262.4c17.6 0 31.8-14.3 31.8-32V642H349v196zm531.1-684H143.9c-24.5 0-39.8 26.7-27.5 48l221.3 376h348.8l221.3-376c12.1-21.3-3.2-48-27.7-48z\\"></path></svg></span></span></div></th><th class=\\"ant-table-cell\\"><div class=\\"ant-table-filter-column\\"><span class=\\"ant-table-column-title\\">Email</span><span role=\\"button\\" tabindex=\\"-1\\" class=\\"ant-dropdown-trigger ant-table-filter-trigger\\"><span role=\\"img\\" aria-label=\\"filter\\" class=\\"anticon anticon-filter\\"><svg viewBox=\\"64 64 896 896\\" focusable=\\"false\\" data-icon=\\"filter\\" width=\\"1em\\" height=\\"1em\\" fill=\\"currentColor\\" aria-hidden=\\"true\\"><path d=\\"M349 838c0 17.7 14.2 32 31.8 32h262.4c17.6 0 31.8-14.3 31.8-32V642H349v196zm531.1-684H143.9c-24.5 0-39.8 26.7-27.5 48l221.3 376h348.8l221.3-376c12.1-21.3-3.2-48-27.7-48z\\"></path></svg></span></span></div></th><th aria-sort=\\"descending\\" class=\\"ant-table-cell ant-table-column-sort ant-table-column-has-sorters\\"><div class=\\"ant-table-column-sorters\\"><span class=\\"ant-table-column-title\\">Created at</span><span class=\\"ant-table-column-sorter ant-table-column-sorter-full\\"><span class=\\"ant-table-column-sorter-inner\\"><span role=\\"img\\" aria-label=\\"caret-up\\" class=\\"anticon anticon-caret-up ant-table-column-sorter-up\\"><svg viewBox=\\"0 0 1024 1024\\" focusable=\\"false\\" data-icon=\\"caret-up\\" width=\\"1em\\" height=\\"1em\\" fill=\\"currentColor\\" aria-hidden=\\"true\\"><path d=\\"M858.9 689L530.5 308.2c-9.4-10.9-27.5-10.9-37 0L165.1 689c-12.2 14.2-1.2 35 18.5 35h656.8c19.7 0 30.7-20.8 18.5-35z\\"></path></svg></span><span role=\\"img\\" aria-label=\\"caret-down\\" class=\\"anticon anticon-caret-down ant-table-column-sorter-down active\\"><svg viewBox=\\"0 0 1024 1024\\" focusable=\\"false\\" data-icon=\\"caret-down\\" width=\\"1em\\" height=\\"1em\\" fill=\\"currentColor\\" aria-hidden=\\"true\\"><path d=\\"M840.4 300H183.6c-19.7 0-30.7 20.8-18.5 35l328.4 380.8c9.4 10.9 27.5 10.9 37 0L858.9 335c12.2-14.2 1.2-35-18.5-35z\\"></path></svg></span></span></span></div></th><th class=\\"ant-table-cell\\">Action</th></tr></thead><tbody class=\\"ant-table-tbody\\"><tr data-row-key=\\"user-id-1\\" class=\\"ant-table-row ant-table-row-level-0\\"><td class=\\"ant-table-cell\\">user 1 </td><td class=\\"ant-table-cell\\">user1@maestro.net</td><td class=\\"ant-table-cell ant-table-column-sort\\">05/24/2018 13:48:04</td><td class=\\"ant-table-cell\\"><button type=\\"button\\" class=\\"ant-btn ant-btn-link\\"><span>Edit</span></button><button type=\\"button\\" class=\\"ant-btn ant-btn-link ant-btn-dangerous\\"><span>Delete</span></button></td></tr><tr data-row-key=\\"user-id-2\\" class=\\"ant-table-row ant-table-row-level-0\\"><td class=\\"ant-table-cell\\">user 2 </td><td class=\\"ant-table-cell\\">user2@maestro.net</td><td class=\\"ant-table-cell ant-table-column-sort\\">05/24/2018 13:48:04</td><td class=\\"ant-table-cell\\"><button type=\\"button\\" class=\\"ant-btn ant-btn-link\\"><span>Edit</span></button><button type=\\"button\\" class=\\"ant-btn ant-btn-link ant-btn-dangerous\\"><span>Delete</span></button></td></tr></tbody></table></div></div></div></div></div></div></div>"`;
