// Jest Snapshot v1, https://goo.gl/fbAQLP

exports[`components/Workspace/ListTable should render WorkspaceListTable component 1`] = `"<div><div class=\\"ant-table-wrapper\\"><div class=\\"ant-spin-nested-loading\\"><div class=\\"ant-spin-container\\"><div class=\\"ant-table ant-table-small\\"><div class=\\"ant-table-container\\"><div class=\\"ant-table-content\\"><table style=\\"table-layout: auto;\\"><colgroup><col><col style=\\"width: 180px;\\"><col style=\\"width: 160px;\\"></colgroup><thead class=\\"ant-table-thead\\"><tr><th class=\\"ant-table-cell\\">Name</th><th class=\\"ant-table-cell\\">Created at</th><th class=\\"ant-table-cell\\">Action</th></tr></thead><tbody class=\\"ant-table-tbody\\"><tr data-row-key=\\"workspace-id-3\\" class=\\"ant-table-row ant-table-row-level-0\\"><td class=\\"ant-table-cell\\">Workspace 3 <span class=\\"ant-tag ant-tag-blue\\">Default</span></td><td class=\\"ant-table-cell\\">05/24/2018 13:48:04</td><td class=\\"ant-table-cell\\"><button type=\\"button\\" class=\\"ant-btn ant-btn-link\\"><span>Edit</span></button><button type=\\"button\\" class=\\"ant-btn ant-btn-link ant-btn-dangerous\\"><span>Delete</span></button></td></tr><tr data-row-key=\\"workspace-id\\" class=\\"ant-table-row ant-table-row-level-0\\"><td class=\\"ant-table-cell\\">Workspace 2 </td><td class=\\"ant-table-cell\\">05/24/2018 13:48:04</td><td class=\\"ant-table-cell\\"><button type=\\"button\\" class=\\"ant-btn ant-btn-link\\"><span>Edit</span></button><button type=\\"button\\" class=\\"ant-btn ant-btn-link ant-btn-dangerous\\"><span>Delete</span></button></td></tr></tbody></table></div></div></div></div></div></div></div>"`;
